../Core/Src/main.c:132:6:SetAllRed	1
../Core/Src/main.c:144:6:SetTrafficState	5
../Core/Src/main.c:168:6:set_status	3
../Core/Src/main.c:236:6:ProcessRFIDCard	19
../Core/Src/main.c:302:5:main	5
../Core/Src/main.c:375:6:SystemClock_Config	3
../Core/Src/main.c:421:13:MX_SPI1_Init	2
../Core/Src/main.c:459:13:MX_SPI2_Init	2
../Core/Src/main.c:497:13:MX_TIM2_Init	4
../Core/Src/main.c:542:13:MX_USART1_UART_Init	2
../Core/Src/main.c:575:13:MX_GPIO_Init	1
../Core/Src/main.c:640:6:HAL_TIM_PeriodElapsedCallback	19
../Core/Src/main.c:739:6:Error_Handler	1
