../Core/Src/main.c:86:6:SetAllRed	8	static
../Core/Src/main.c:98:6:SetTrafficState	16	static
../Core/Src/main.c:128:5:main	8	static
../Core/Src/main.c:176:6:SystemClock_Config	88	static
../Core/Src/main.c:222:13:MX_SPI1_Init	8	static
../Core/Src/main.c:260:13:MX_SPI2_Init	8	static
../Core/Src/main.c:298:13:MX_TIM2_Init	32	static
../Core/Src/main.c:343:13:MX_GPIO_Init	48	static
../Core/Src/main.c:402:6:HAL_TIM_PeriodElapsedCallback	16	static
../Core/Src/main.c:451:6:Error_Handler	4	static,ignoring_inline_asm
