../Core/Src/main.c:126:6:SetAllRed	1
../Core/Src/main.c:138:6:SetTrafficState	5
../Core/Src/main.c:162:6:set_status	3
../Core/Src/main.c:176:6:ProcessRFIDCard	9
../Core/Src/main.c:223:5:main	5
../Core/Src/main.c:307:6:SystemClock_Config	3
../Core/Src/main.c:353:13:MX_SPI1_Init	2
../Core/Src/main.c:391:13:MX_SPI2_Init	2
../Core/Src/main.c:429:13:MX_TIM2_Init	4
../Core/Src/main.c:474:13:MX_USART1_UART_Init	2
../Core/Src/main.c:507:13:MX_GPIO_Init	1
../Core/Src/main.c:566:6:HAL_TIM_PeriodElapsedCallback	19
../Core/Src/main.c:665:6:Error_Handler	1
