Archive member included to satisfy reference by file (symbol)

C:/ST/STM32CubeIDE_1.14.1/STM32CubeIDE/plugins/com.st.stm32cube.ide.mcu.externaltools.gnu-tools-for-stm32.11.3.rel1.win32_1.1.100.202309141235/tools/bin/../lib/gcc/arm-none-eabi/11.3.1/../../../../arm-none-eabi/lib/thumb/v7e-m+fp/hard\libc_nano.a(libc_a-exit.o)
                              C:/ST/STM32CubeIDE_1.14.1/STM32CubeIDE/plugins/com.st.stm32cube.ide.mcu.externaltools.gnu-tools-for-stm32.11.3.rel1.win32_1.1.100.202309141235/tools/bin/../lib/gcc/arm-none-eabi/11.3.1/../../../../arm-none-eabi/lib/thumb/v7e-m+fp/hard/crt0.o (exit)
C:/ST/STM32CubeIDE_1.14.1/STM32CubeIDE/plugins/com.st.stm32cube.ide.mcu.externaltools.gnu-tools-for-stm32.11.3.rel1.win32_1.1.100.202309141235/tools/bin/../lib/gcc/arm-none-eabi/11.3.1/../../../../arm-none-eabi/lib/thumb/v7e-m+fp/hard\libc_nano.a(libc_a-findfp.o)
                              C:/ST/STM32CubeIDE_1.14.1/STM32CubeIDE/plugins/com.st.stm32cube.ide.mcu.externaltools.gnu-tools-for-stm32.11.3.rel1.win32_1.1.100.202309141235/tools/bin/../lib/gcc/arm-none-eabi/11.3.1/../../../../arm-none-eabi/lib/thumb/v7e-m+fp/hard\libc_nano.a(libc_a-exit.o) (__stdio_exit_handler)
C:/ST/STM32CubeIDE_1.14.1/STM32CubeIDE/plugins/com.st.stm32cube.ide.mcu.externaltools.gnu-tools-for-stm32.11.3.rel1.win32_1.1.100.202309141235/tools/bin/../lib/gcc/arm-none-eabi/11.3.1/../../../../arm-none-eabi/lib/thumb/v7e-m+fp/hard\libc_nano.a(libc_a-fwalk.o)
                              C:/ST/STM32CubeIDE_1.14.1/STM32CubeIDE/plugins/com.st.stm32cube.ide.mcu.externaltools.gnu-tools-for-stm32.11.3.rel1.win32_1.1.100.202309141235/tools/bin/../lib/gcc/arm-none-eabi/11.3.1/../../../../arm-none-eabi/lib/thumb/v7e-m+fp/hard\libc_nano.a(libc_a-findfp.o) (_fwalk_sglue)
C:/ST/STM32CubeIDE_1.14.1/STM32CubeIDE/plugins/com.st.stm32cube.ide.mcu.externaltools.gnu-tools-for-stm32.11.3.rel1.win32_1.1.100.202309141235/tools/bin/../lib/gcc/arm-none-eabi/11.3.1/../../../../arm-none-eabi/lib/thumb/v7e-m+fp/hard\libc_nano.a(libc_a-stdio.o)
                              C:/ST/STM32CubeIDE_1.14.1/STM32CubeIDE/plugins/com.st.stm32cube.ide.mcu.externaltools.gnu-tools-for-stm32.11.3.rel1.win32_1.1.100.202309141235/tools/bin/../lib/gcc/arm-none-eabi/11.3.1/../../../../arm-none-eabi/lib/thumb/v7e-m+fp/hard\libc_nano.a(libc_a-findfp.o) (__sread)
C:/ST/STM32CubeIDE_1.14.1/STM32CubeIDE/plugins/com.st.stm32cube.ide.mcu.externaltools.gnu-tools-for-stm32.11.3.rel1.win32_1.1.100.202309141235/tools/bin/../lib/gcc/arm-none-eabi/11.3.1/../../../../arm-none-eabi/lib/thumb/v7e-m+fp/hard\libc_nano.a(libc_a-memset.o)
                              C:/ST/STM32CubeIDE_1.14.1/STM32CubeIDE/plugins/com.st.stm32cube.ide.mcu.externaltools.gnu-tools-for-stm32.11.3.rel1.win32_1.1.100.202309141235/tools/bin/../lib/gcc/arm-none-eabi/11.3.1/../../../../arm-none-eabi/lib/thumb/v7e-m+fp/hard/crt0.o (memset)
C:/ST/STM32CubeIDE_1.14.1/STM32CubeIDE/plugins/com.st.stm32cube.ide.mcu.externaltools.gnu-tools-for-stm32.11.3.rel1.win32_1.1.100.202309141235/tools/bin/../lib/gcc/arm-none-eabi/11.3.1/../../../../arm-none-eabi/lib/thumb/v7e-m+fp/hard\libc_nano.a(libc_a-closer.o)
                              C:/ST/STM32CubeIDE_1.14.1/STM32CubeIDE/plugins/com.st.stm32cube.ide.mcu.externaltools.gnu-tools-for-stm32.11.3.rel1.win32_1.1.100.202309141235/tools/bin/../lib/gcc/arm-none-eabi/11.3.1/../../../../arm-none-eabi/lib/thumb/v7e-m+fp/hard\libc_nano.a(libc_a-stdio.o) (_close_r)
C:/ST/STM32CubeIDE_1.14.1/STM32CubeIDE/plugins/com.st.stm32cube.ide.mcu.externaltools.gnu-tools-for-stm32.11.3.rel1.win32_1.1.100.202309141235/tools/bin/../lib/gcc/arm-none-eabi/11.3.1/../../../../arm-none-eabi/lib/thumb/v7e-m+fp/hard\libc_nano.a(libc_a-reent.o)
                              C:/ST/STM32CubeIDE_1.14.1/STM32CubeIDE/plugins/com.st.stm32cube.ide.mcu.externaltools.gnu-tools-for-stm32.11.3.rel1.win32_1.1.100.202309141235/tools/bin/../lib/gcc/arm-none-eabi/11.3.1/../../../../arm-none-eabi/lib/thumb/v7e-m+fp/hard\libc_nano.a(libc_a-closer.o) (errno)
C:/ST/STM32CubeIDE_1.14.1/STM32CubeIDE/plugins/com.st.stm32cube.ide.mcu.externaltools.gnu-tools-for-stm32.11.3.rel1.win32_1.1.100.202309141235/tools/bin/../lib/gcc/arm-none-eabi/11.3.1/../../../../arm-none-eabi/lib/thumb/v7e-m+fp/hard\libc_nano.a(libc_a-impure.o)
                              C:/ST/STM32CubeIDE_1.14.1/STM32CubeIDE/plugins/com.st.stm32cube.ide.mcu.externaltools.gnu-tools-for-stm32.11.3.rel1.win32_1.1.100.202309141235/tools/bin/../lib/gcc/arm-none-eabi/11.3.1/../../../../arm-none-eabi/lib/thumb/v7e-m+fp/hard\libc_nano.a(libc_a-reent.o) (_impure_ptr)
C:/ST/STM32CubeIDE_1.14.1/STM32CubeIDE/plugins/com.st.stm32cube.ide.mcu.externaltools.gnu-tools-for-stm32.11.3.rel1.win32_1.1.100.202309141235/tools/bin/../lib/gcc/arm-none-eabi/11.3.1/../../../../arm-none-eabi/lib/thumb/v7e-m+fp/hard\libc_nano.a(libc_a-lseekr.o)
[...]
Memory Configuration

Name             Origin             Length             Attributes
RAM              0x0000000020000000 0x0000000000010000 xrw
FLASH            0x0000000008000000 0x0000000000040000 xr
*default*        0x0000000000000000 0xffffffffffffffff

Linker script and memory map

LOAD C:/ST/STM32CubeIDE_1.14.1/STM32CubeIDE/plugins/com.st.stm32cube.ide.mcu.externaltools.gnu-tools-for-stm32.11.3.rel1.win32_1.1.100.202309141235/tools/bin/../lib/gcc/arm-none-eabi/11.3.1/thumb/v7e-m+fp/hard/crti.o
LOAD C:/ST/STM32CubeIDE_1.14.1/STM32CubeIDE/plugins/com.st.stm32cube.ide.mcu.externaltools.gnu-tools-for-stm32.11.3.rel1.win32_1.1.100.202309141235/tools/bin/../lib/gcc/arm-none-eabi/11.3.1/thumb/v7e-m+fp/hard/crtbegin.o
LOAD C:/ST/STM32CubeIDE_1.14.1/STM32CubeIDE/plugins/com.st.stm32cube.ide.mcu.externaltools.gnu-tools-for-stm32.11.3.rel1.win32_1.1.100.202309141235/tools/bin/../lib/gcc/arm-none-eabi/11.3.1/../../../../arm-none-eabi/lib/thumb/v7e-m+fp/hard/crt0.o
LOAD ./Core/Src/main.o
LOAD ./Core/Src/rc522_1.o
LOAD ./Core/Src/rc522_2.o
LOAD ./Core/Src/stm32f4xx_hal_msp.o
LOAD ./Core/Src/stm32f4xx_it.o
LOAD ./Core/Src/syscalls.o
LOAD ./Core/Src/sysmem.o
LOAD ./Core/Src/system_stm32f4xx.o
LOAD ./Core/Startup/startup_stm32f401ccux.o
LOAD ./Drivers/STM32F4xx_HAL_Driver/Src/stm32f4xx_hal.o
LOAD ./Drivers/STM32F4xx_HAL_Driver/Src/stm32f4xx_hal_cortex.o
LOAD ./Drivers/STM32F4xx_HAL_Driver/Src/stm32f4xx_hal_dma.o
LOAD ./Drivers/STM32F4xx_HAL_Driver/Src/stm32f4xx_hal_dma_ex.o
LOAD ./Drivers/STM32F4xx_HAL_Driver/Src/stm32f4xx_hal_exti.o
LOAD ./Drivers/STM32F4xx_HAL_Driver/Src/stm32f4xx_hal_flash.o
LOAD ./Drivers/STM32F4xx_HAL_Driver/Src/stm32f4xx_hal_flash_ex.o
LOAD ./Drivers/STM32F4xx_HAL_Driver/Src/stm32f4xx_hal_flash_ramfunc.o
LOAD ./Drivers/STM32F4xx_HAL_Driver/Src/stm32f4xx_hal_gpio.o
LOAD ./Drivers/STM32F4xx_HAL_Driver/Src/stm32f4xx_hal_pwr.o
LOAD ./Drivers/STM32F4xx_HAL_Driver/Src/stm32f4xx_hal_pwr_ex.o
LOAD ./Drivers/STM32F4xx_HAL_Driver/Src/stm32f4xx_hal_rcc.o
LOAD ./Drivers/STM32F4xx_HAL_Driver/Src/stm32f4xx_hal_rcc_ex.o
LOAD ./Drivers/STM32F4xx_HAL_Driver/Src/stm32f4xx_hal_spi.o
LOAD ./Drivers/STM32F4xx_HAL_Driver/Src/stm32f4xx_hal_tim.o
LOAD ./Drivers/STM32F4xx_HAL_Driver/Src/stm32f4xx_hal_tim_ex.o
START GROUP
LOAD C:/ST/STM32CubeIDE_1.14.1/STM32CubeIDE/plugins/com.st.stm32cube.ide.mcu.externaltools.gnu-tools-for-stm32.11.3.rel1.win32_1.1.100.202309141235/tools/bin/../lib/gcc/arm-none-eabi/11.3.1/../../../../arm-none-eabi/lib/thumb/v7e-m+fp/hard\libc_nano.a
LOAD C:/ST/STM32CubeIDE_1.14.1/STM32CubeIDE/plugins/com.st.stm32cube.ide.mcu.externaltools.gnu-tools-for-stm32.11.3.rel1.win32_1.1.100.202309141235/tools/bin/../lib/gcc/arm-none-eabi/11.3.1/../../../../arm-none-eabi/lib/thumb/v7e-m+fp/hard\libm.a
END GROUP
START GROUP
LOAD C:/ST/STM32CubeIDE_1.14.1/STM32CubeIDE/plugins/com.st.stm32cube.ide.mcu.externaltools.gnu-tools-for-stm32.11.3.rel1.win32_1.1.100.202309141235/tools/bin/../lib/gcc/arm-none-eabi/11.3.1/thumb/v7e-m+fp/hard\libgcc.a
LOAD C:/ST/STM32CubeIDE_1.14.1/STM32CubeIDE/plugins/com.st.stm32cube.ide.mcu.externaltools.gnu-tools-for-stm32.11.3.rel1.win32_1.1.100.202309141235/tools/bin/../lib/gcc/arm-none-eabi/11.3.1/../../../../arm-none-eabi/lib/thumb/v7e-m+fp/hard\libc_nano.a
END GROUP
START GROUP
LOAD C:/ST/STM32CubeIDE_1.14.1/STM32CubeIDE/plugins/com.st.stm32cube.ide.mcu.externaltools.gnu-tools-for-stm32.11.3.rel1.win32_1.1.100.202309141235/tools/bin/../lib/gcc/arm-none-eabi/11.3.1/thumb/v7e-m+fp/hard\libgcc.a
LOAD C:/ST/STM32CubeIDE_1.14.1/STM32CubeIDE/plugins/com.st.stm32cube.ide.mcu.externaltools.gnu-tools-for-stm32.11.3.rel1.win32_1.1.100.202309141235/tools/bin/../lib/gcc/arm-none-eabi/11.3.1/../../../../arm-none-eabi/lib/thumb/v7e-m+fp/hard\libc_nano.a
LOAD C:/ST/STM32CubeIDE_1.14.1/STM32CubeIDE/plugins/com.st.stm32cube.ide.mcu.externaltools.gnu-tools-for-stm32.11.3.rel1.win32_1.1.100.202309141235/tools/bin/../lib/gcc/arm-none-eabi/11.3.1/../../../../arm-none-eabi/lib/thumb/v7e-m+fp/hard\libnosys.a
END GROUP
START GROUP
LOAD C:/ST/STM32CubeIDE_1.14.1/STM32CubeIDE/plugins/com.st.stm32cube.ide.mcu.externaltools.gnu-tools-for-stm32.11.3.rel1.win32_1.1.100.202309141235/tools/bin/../lib/gcc/arm-none-eabi/11.3.1/thumb/v7e-m+fp/hard\libgcc.a
LOAD C:/ST/STM32CubeIDE_1.14.1/STM32CubeIDE/plugins/com.st.stm32cube.ide.mcu.externaltools.gnu-tools-for-stm32.11.3.rel1.win32_1.1.100.202309141235/tools/bin/../lib/gcc/arm-none-eabi/11.3.1/../../../../arm-none-eabi/lib/thumb/v7e-m+fp/hard\libc_nano.a
LOAD C:/ST/STM32CubeIDE_1.14.1/STM32CubeIDE/plugins/com.st.stm32cube.ide.mcu.externaltools.gnu-tools-for-stm32.11.3.rel1.win32_1.1.100.202309141235/tools/bin/../lib/gcc/arm-none-eabi/11.3.1/../../../../arm-none-eabi/lib/thumb/v7e-m+fp/hard\libnosys.a
END GROUP
LOAD C:/ST/STM32CubeIDE_1.14.1/STM32CubeIDE/plugins/com.st.stm32cube.ide.mcu.externaltools.gnu-tools-for-stm32.11.3.rel1.win32_1.1.100.202309141235/tools/bin/../lib/gcc/arm-none-eabi/11.3.1/thumb/v7e-m+fp/hard/crtend.o
LOAD C:/ST/STM32CubeIDE_1.14.1/STM32CubeIDE/plugins/com.st.stm32cube.ide.mcu.externaltools.gnu-tools-for-stm32.11.3.rel1.win32_1.1.100.202309141235/tools/bin/../lib/gcc/arm-none-eabi/11.3.1/thumb/v7e-m+fp/hard/crtn.o
                0x0000000020010000                _estack = (ORIGIN (RAM) + LENGTH (RAM))
                0x0000000000000200                _Min_Heap_Size = 0x200
                0x0000000000000400                _Min_Stack_Size = 0x400

.isr_vector     0x0000000008000000      0x194
                0x0000000008000000                . = ALIGN (0x4)
 *(.isr_vector)
 .isr_vector    0x0000000008000000      0x194 ./Core/Startup/startup_stm32f401ccux.o
                0x0000000008000000                g_pfnVectors
                0x0000000008000194                . = ALIGN (0x4)

.text           0x0000000008000194     0x3250
                0x0000000008000194                . = ALIGN (0x4)
 *(.text)
 .text          0x0000000008000194       0x40 C:/ST/STM32CubeIDE_1.14.1/STM32CubeIDE/plugins/com.st.stm32cube.ide.mcu.externaltools.gnu-tools-for-stm32.11.3.rel1.win32_1.1.100.202309141235/tools/bin/../lib/gcc/arm-none-eabi/11.3.1/thumb/v7e-m+fp/hard/crtbegin.o
 .text          0x00000000080001d4       0x30 C:/ST/STM32CubeIDE_1.14.1/STM32CubeIDE/plugins/com.st.stm32cube.ide.mcu.externaltools.gnu-tools-for-stm32.11.3.rel1.win32_1.1.100.202309141235/tools/bin/../lib/gcc/arm-none-eabi/11.3.1/thumb/v7e-m+fp/hard\libgcc.a(_aeabi_uldivmod.o)
                0x00000000080001d4                __aeabi_uldivmod
 .text          0x0000000008000204      0x2c8 C:/ST/STM32CubeIDE_1.14.1/STM32CubeIDE/plugins/com.st.stm32cube.ide.mcu.externaltools.gnu-tools-for-stm32.11.3.rel1.win32_1.1.100.202309141235/tools/bin/../lib/gcc/arm-none-eabi/11.3.1/thumb/v7e-m+fp/hard\libgcc.a(_udivmoddi4.o)
                0x0000000008000204                __udivmoddi4
 .text          0x00000000080004cc        0x4 C:/ST/STM32CubeIDE_1.14.1/STM32CubeIDE/plugins/com.st.stm32cube.ide.mcu.externaltools.gnu-tools-for-stm32.11.3.rel1.win32_1.1.100.202309141235/tools/bin/../lib/gcc/arm-none-eabi/11.3.1/thumb/v7e-m+fp/hard\libgcc.a(_dvmd_tls.o)
                0x00000000080004cc                __aeabi_idiv0
                0x00000000080004cc                __aeabi_ldiv0
 *(.text*)
 .text.SetAllRed
                0x00000000080004d0       0x64 ./Core/Src/main.o
                0x00000000080004d0                SetAllRed
 .text.SetTrafficState
                0x0000000008000534       0x98 ./Core/Src/main.o
                0x0000000008000534                SetTrafficState
 .text.set_status
                0x00000000080005cc       0x64 ./Core/Src/main.o
                0x00000000080005cc                set_status
 .text.main     0x0000000008000630       0xf4 ./Core/Src/main.o
                0x0000000008000630                main
 .text.SystemClock_Config
                0x0000000008000724       0xd4 ./Core/Src/main.o
                0x0000000008000724                SystemClock_Config
 .text.MX_SPI1_Init
                0x00000000080007f8       0x6c ./Core/Src/main.o
 .text.MX_SPI2_Init
                0x0000000008000864       0x6c ./Core/Src/main.o
 .text.MX_TIM2_Init
                0x00000000080008d0       0x9c ./Core/Src/main.o
 .text.MX_GPIO_Init
                0x000000000800096c      0x134 ./Core/Src/main.o
 .text.HAL_TIM_PeriodElapsedCallback
                0x0000000008000aa0       0xcc ./Core/Src/main.o
                0x0000000008000aa0                HAL_TIM_PeriodElapsedCallback
 .text.Error_Handler
                0x0000000008000b6c        0xa ./Core/Src/main.o
                0x0000000008000b6c                Error_Handler
 *fill*         0x0000000008000b76        0x2 
 .text.RC522_SPI_Transfer_1
                0x0000000008000b78       0x2c ./Core/Src/rc522_1.o
                0x0000000008000b78                RC522_SPI_Transfer_1
 .text.Write_MFRC522_1
                0x0000000008000ba4       0x4c ./Core/Src/rc522_1.o
                0x0000000008000ba4                Write_MFRC522_1
 .text.Read_MFRC522_1
                0x0000000008000bf0       0x50 ./Core/Src/rc522_1.o
                0x0000000008000bf0                Read_MFRC522_1
 .text.SetBitMask_1
                0x0000000008000c40       0x36 ./Core/Src/rc522_1.o
                0x0000000008000c40                SetBitMask_1
 .text.ClearBitMask_1
                0x0000000008000c76       0x40 ./Core/Src/rc522_1.o
                0x0000000008000c76                ClearBitMask_1
 .text.AntennaOn_1
                0x0000000008000cb6       0x16 ./Core/Src/rc522_1.o
                0x0000000008000cb6                AntennaOn_1
 .text.MFRC522_Reset_1
                0x0000000008000ccc       0x10 ./Core/Src/rc522_1.o
                0x0000000008000ccc                MFRC522_Reset_1
 .text.MFRC522_Init_1
                0x0000000008000cdc       0x5c ./Core/Src/rc522_1.o
                0x0000000008000cdc                MFRC522_Init_1
 .text.MFRC522_ToCard_1
                0x0000000008000d38      0x190 ./Core/Src/rc522_1.o
                0x0000000008000d38                MFRC522_ToCard_1
 .text.MFRC522_Request_1
                0x0000000008000ec8       0x4a ./Core/Src/rc522_1.o
                0x0000000008000ec8                MFRC522_Request_1
 .text.MFRC522_Anticoll_1
                0x0000000008000f12       0x7a ./Core/Src/rc522_1.o
                0x0000000008000f12                MFRC522_Anticoll_1
 .text.RC522_SPI_Transfer
                0x0000000008000f8c       0x2c ./Core/Src/rc522_2.o
                0x0000000008000f8c                RC522_SPI_Transfer
 .text.Write_MFRC522
                0x0000000008000fb8       0x4c ./Core/Src/rc522_2.o
                0x0000000008000fb8                Write_MFRC522
 .text.Read_MFRC522
                0x0000000008001004       0x50 ./Core/Src/rc522_2.o
                0x0000000008001004                Read_MFRC522
 .text.SetBitMask
                0x0000000008001054       0x36 ./Core/Src/rc522_2.o
                0x0000000008001054                SetBitMask
 .text.ClearBitMask
                0x000000000800108a       0x40 ./Core/Src/rc522_2.o
                0x000000000800108a                ClearBitMask
 .text.AntennaOn
                0x00000000080010ca       0x16 ./Core/Src/rc522_2.o
                0x00000000080010ca                AntennaOn
 .text.MFRC522_Reset
                0x00000000080010e0       0x10 ./Core/Src/rc522_2.o
                0x00000000080010e0                MFRC522_Reset
 .text.MFRC522_Init
                0x00000000080010f0       0x5c ./Core/Src/rc522_2.o
                0x00000000080010f0                MFRC522_Init
 .text.MFRC522_ToCard
                0x000000000800114c      0x192 ./Core/Src/rc522_2.o
                0x000000000800114c                MFRC522_ToCard
 .text.MFRC522_Request
                0x00000000080012de       0x4a ./Core/Src/rc522_2.o
                0x00000000080012de                MFRC522_Request
 .text.MFRC522_Anticoll
                0x0000000008001328       0x7a ./Core/Src/rc522_2.o
                0x0000000008001328                MFRC522_Anticoll
 *fill*         0x00000000080013a2        0x2 
 .text.HAL_MspInit
                0x00000000080013a4       0x50 ./Core/Src/stm32f4xx_hal_msp.o
                0x00000000080013a4                HAL_MspInit
 .text.HAL_SPI_MspInit
                0x00000000080013f4       0xfc ./Core/Src/stm32f4xx_hal_msp.o
                0x00000000080013f4                HAL_SPI_MspInit
 .text.HAL_TIM_Base_MspInit
                0x00000000080014f0       0x4c ./Core/Src/stm32f4xx_hal_msp.o
                0x00000000080014f0                HAL_TIM_Base_MspInit
 .text.NMI_Handler
                0x000000000800153c        0x6 ./Core/Src/stm32f4xx_it.o
                0x000000000800153c                NMI_Handler
 .text.HardFault_Handler
                0x0000000008001542        0x6 ./Core/Src/stm32f4xx_it.o
                0x0000000008001542                HardFault_Handler
 .text.MemManage_Handler
                0x0000000008001548        0x6 ./Core/Src/stm32f4xx_it.o
                0x0000000008001548                MemManage_Handler
 .text.BusFault_Handler
                0x000000000800154e        0x6 ./Core/Src/stm32f4xx_it.o
                0x000000000800154e                BusFault_Handler
 .text.UsageFault_Handler
                0x0000000008001554        0x6 ./Core/Src/stm32f4xx_it.o
                0x0000000008001554                UsageFault_Handler
 .text.SVC_Handler
                0x000000000800155a        0xe ./Core/Src/stm32f4xx_it.o
                0x000000000800155a                SVC_Handler
 .text.DebugMon_Handler
                0x0000000008001568        0xe ./Core/Src/stm32f4xx_it.o
                0x0000000008001568                DebugMon_Handler
 .text.PendSV_Handler
                0x0000000008001576        0xe ./Core/Src/stm32f4xx_it.o
                0x0000000008001576                PendSV_Handler
 .text.SysTick_Handler
                0x0000000008001584        0xc ./Core/Src/stm32f4xx_it.o
                0x0000000008001584                SysTick_Handler
 .text.TIM2_IRQHandler
                0x0000000008001590       0x14 ./Core/Src/stm32f4xx_it.o
                0x0000000008001590                TIM2_IRQHandler
 .text.SystemInit
                0x00000000080015a4       0x24 ./Core/Src/system_stm32f4xx.o
                0x00000000080015a4                SystemInit
 .text.Reset_Handler
                0x00000000080015c8       0x50 ./Core/Startup/startup_stm32f401ccux.o
                0x00000000080015c8                Reset_Handler
 .text.Default_Handler
                0x0000000008001618        0x2 ./Core/Startup/startup_stm32f401ccux.o
                0x0000000008001618                RTC_Alarm_IRQHandler
                0x0000000008001618                EXTI2_IRQHandler
                0x0000000008001618                SPI4_IRQHandler
                0x0000000008001618                TIM1_CC_IRQHandler
                0x0000000008001618                DMA2_Stream5_IRQHandler
                0x0000000008001618                DMA1_Stream5_IRQHandler
                0x0000000008001618                PVD_IRQHandler
                0x0000000008001618                SDIO_IRQHandler
                0x0000000008001618                TAMP_STAMP_IRQHandler
                0x0000000008001618                EXTI3_IRQHandler
                0x0000000008001618                TIM1_UP_TIM10_IRQHandler
                0x0000000008001618                I2C3_ER_IRQHandler
                0x0000000008001618                EXTI0_IRQHandler
                0x0000000008001618                I2C2_EV_IRQHandler
                0x0000000008001618                DMA1_Stream2_IRQHandler
                0x0000000008001618                FPU_IRQHandler
                0x0000000008001618                DMA2_Stream2_IRQHandler
                0x0000000008001618                SPI1_IRQHandler
                0x0000000008001618                TIM1_BRK_TIM9_IRQHandler
                0x0000000008001618                DMA2_Stream3_IRQHandler
                0x0000000008001618                USART6_IRQHandler
                0x0000000008001618                DMA2_Stream0_IRQHandler
                0x0000000008001618                TIM4_IRQHandler
                0x0000000008001618                I2C1_EV_IRQHandler
                0x0000000008001618                DMA1_Stream6_IRQHandler
                0x0000000008001618                DMA1_Stream1_IRQHandler
                0x0000000008001618                TIM3_IRQHandler
                0x0000000008001618                RCC_IRQHandler
                0x0000000008001618                Default_Handler
                0x0000000008001618                EXTI15_10_IRQHandler
                0x0000000008001618                ADC_IRQHandler
                0x0000000008001618                DMA1_Stream7_IRQHandler
                0x0000000008001618                TIM5_IRQHandler
                0x0000000008001618                DMA2_Stream7_IRQHandler
                0x0000000008001618                I2C3_EV_IRQHandler
                0x0000000008001618                EXTI9_5_IRQHandler
                0x0000000008001618                RTC_WKUP_IRQHandler
                0x0000000008001618                SPI2_IRQHandler
                0x0000000008001618                DMA1_Stream0_IRQHandler
                0x0000000008001618                EXTI4_IRQHandler
                0x0000000008001618                WWDG_IRQHandler
                0x0000000008001618                OTG_FS_WKUP_IRQHandler
                0x0000000008001618                TIM1_TRG_COM_TIM11_IRQHandler
                0x0000000008001618                EXTI1_IRQHandler
                0x0000000008001618                USART2_IRQHandler
                0x0000000008001618                I2C2_ER_IRQHandler
                0x0000000008001618                DMA2_Stream1_IRQHandler
                0x0000000008001618                FLASH_IRQHandler
                0x0000000008001618                DMA2_Stream4_IRQHandler
                0x0000000008001618                USART1_IRQHandler
                0x0000000008001618                OTG_FS_IRQHandler
                0x0000000008001618                SPI3_IRQHandler
                0x0000000008001618                DMA1_Stream4_IRQHandler
                0x0000000008001618                I2C1_ER_IRQHandler
                0x0000000008001618                DMA2_Stream6_IRQHandler
                0x0000000008001618                DMA1_Stream3_IRQHandler
 *fill*         0x000000000800161a        0x2 
 .text.HAL_Init
                0x000000000800161c       0x44 ./Drivers/STM32F4xx_HAL_Driver/Src/stm32f4xx_hal.o
                0x000000000800161c                HAL_Init
 .text.HAL_InitTick
                0x0000000008001660       0x60 ./Drivers/STM32F4xx_HAL_Driver/Src/stm32f4xx_hal.o
                0x0000000008001660                HAL_InitTick
 .text.HAL_IncTick
                0x00000000080016c0       0x28 ./Drivers/STM32F4xx_HAL_Driver/Src/stm32f4xx_hal.o
                0x00000000080016c0                HAL_IncTick
 .text.HAL_GetTick
                0x00000000080016e8       0x18 ./Drivers/STM32F4xx_HAL_Driver/Src/stm32f4xx_hal.o
                0x00000000080016e8                HAL_GetTick
 .text.HAL_Delay
                0x0000000008001700       0x48 ./Drivers/STM32F4xx_HAL_Driver/Src/stm32f4xx_hal.o
                0x0000000008001700                HAL_Delay
 .text.__NVIC_SetPriorityGrouping
                0x0000000008001748       0x48 ./Drivers/STM32F4xx_HAL_Driver/Src/stm32f4xx_hal_cortex.o
 .text.__NVIC_GetPriorityGrouping
                0x0000000008001790       0x1c ./Drivers/STM32F4xx_HAL_Driver/Src/stm32f4xx_hal_cortex.o
 .text.__NVIC_EnableIRQ
                0x00000000080017ac       0x3c ./Drivers/STM32F4xx_HAL_Driver/Src/stm32f4xx_hal_cortex.o
 .text.__NVIC_SetPriority
                0x00000000080017e8       0x54 ./Drivers/STM32F4xx_HAL_Driver/Src/stm32f4xx_hal_cortex.o
 .text.NVIC_EncodePriority
                0x000000000800183c       0x66 ./Drivers/STM32F4xx_HAL_Driver/Src/stm32f4xx_hal_cortex.o
 *fill*         0x00000000080018a2        0x2 
 .text.SysTick_Config
                0x00000000080018a4       0x44 ./Drivers/STM32F4xx_HAL_Driver/Src/stm32f4xx_hal_cortex.o
 .text.HAL_NVIC_SetPriorityGrouping
                0x00000000080018e8       0x16 ./Drivers/STM32F4xx_HAL_Driver/Src/stm32f4xx_hal_cortex.o
                0x00000000080018e8                HAL_NVIC_SetPriorityGrouping
 .text.HAL_NVIC_SetPriority
                0x00000000080018fe       0x38 ./Drivers/STM32F4xx_HAL_Driver/Src/stm32f4xx_hal_cortex.o
                0x00000000080018fe                HAL_NVIC_SetPriority
 .text.HAL_NVIC_EnableIRQ
                0x0000000008001936       0x1c ./Drivers/STM32F4xx_HAL_Driver/Src/stm32f4xx_hal_cortex.o
                0x0000000008001936                HAL_NVIC_EnableIRQ
 .text.HAL_SYSTICK_Config
                0x0000000008001952       0x18 ./Drivers/STM32F4xx_HAL_Driver/Src/stm32f4xx_hal_cortex.o
                0x0000000008001952                HAL_SYSTICK_Config
 *fill*         0x000000000800196a        0x2 
 .text.HAL_GPIO_Init
                0x000000000800196c      0x308 ./Drivers/STM32F4xx_HAL_Driver/Src/stm32f4xx_hal_gpio.o
                0x000000000800196c                HAL_GPIO_Init
 .text.HAL_GPIO_WritePin
                0x0000000008001c74       0x32 ./Drivers/STM32F4xx_HAL_Driver/Src/stm32f4xx_hal_gpio.o
                0x0000000008001c74                HAL_GPIO_WritePin
 *fill*         0x0000000008001ca6        0x2 
 .text.HAL_RCC_OscConfig
                0x0000000008001ca8      0x4f0 ./Drivers/STM32F4xx_HAL_Driver/Src/stm32f4xx_hal_rcc.o
                0x0000000008001ca8                HAL_RCC_OscConfig
 .text.HAL_RCC_ClockConfig
                0x0000000008002198      0x1cc ./Drivers/STM32F4xx_HAL_Driver/Src/stm32f4xx_hal_rcc.o
                0x0000000008002198                HAL_RCC_ClockConfig
 .text.HAL_RCC_GetSysClockFreq
                0x0000000008002364      0x18c ./Drivers/STM32F4xx_HAL_Driver/Src/stm32f4xx_hal_rcc.o
                0x0000000008002364                HAL_RCC_GetSysClockFreq
 .text.HAL_SPI_Init
                0x00000000080024f0      0x112 ./Drivers/STM32F4xx_HAL_Driver/Src/stm32f4xx_hal_spi.o
                0x00000000080024f0                HAL_SPI_Init
 .text.HAL_SPI_TransmitReceive
                0x0000000008002602      0x352 ./Drivers/STM32F4xx_HAL_Driver/Src/stm32f4xx_hal_spi.o
                0x0000000008002602                HAL_SPI_TransmitReceive
 .text.SPI_WaitFlagStateUntilTimeout
                0x0000000008002954      0x110 ./Drivers/STM32F4xx_HAL_Driver/Src/stm32f4xx_hal_spi.o
 .text.SPI_EndRxTxTransaction
                0x0000000008002a64       0xa8 ./Drivers/STM32F4xx_HAL_Driver/Src/stm32f4xx_hal_spi.o
 .text.HAL_TIM_Base_Init
                0x0000000008002b0c       0x9e ./Drivers/STM32F4xx_HAL_Driver/Src/stm32f4xx_hal_tim.o
                0x0000000008002b0c                HAL_TIM_Base_Init
 *fill*         0x0000000008002baa        0x2 
 .text.HAL_TIM_Base_Start_IT
                0x0000000008002bac       0xc4 ./Drivers/STM32F4xx_HAL_Driver/Src/stm32f4xx_hal_tim.o
                0x0000000008002bac                HAL_TIM_Base_Start_IT
 .text.HAL_TIM_IRQHandler
                0x0000000008002c70      0x1e0 ./Drivers/STM32F4xx_HAL_Driver/Src/stm32f4xx_hal_tim.o
                0x0000000008002c70                HAL_TIM_IRQHandler
 .text.HAL_TIM_ConfigClockSource
                0x0000000008002e50      0x18e ./Drivers/STM32F4xx_HAL_Driver/Src/stm32f4xx_hal_tim.o
                0x0000000008002e50                HAL_TIM_ConfigClockSource
 .text.HAL_TIM_OC_DelayElapsedCallback
                0x0000000008002fde       0x14 ./Drivers/STM32F4xx_HAL_Driver/Src/stm32f4xx_hal_tim.o
                0x0000000008002fde                HAL_TIM_OC_DelayElapsedCallback
 .text.HAL_TIM_IC_CaptureCallback
                0x0000000008002ff2       0x14 ./Drivers/STM32F4xx_HAL_Driver/Src/stm32f4xx_hal_tim.o
                0x0000000008002ff2                HAL_TIM_IC_CaptureCallback
 .text.HAL_TIM_PWM_PulseFinishedCallback
                0x0000000008003006       0x14 ./Drivers/STM32F4xx_HAL_Driver/Src/stm32f4xx_hal_tim.o
                0x0000000008003006                HAL_TIM_PWM_PulseFinishedCallback
 .text.HAL_TIM_TriggerCallback
                0x000000000800301a       0x14 ./Drivers/STM32F4xx_HAL_Driver/Src/stm32f4xx_hal_tim.o
                0x000000000800301a                HAL_TIM_TriggerCallback
 *fill*         0x000000000800302e        0x2 
 .text.TIM_Base_SetConfig
                0x0000000008003030      0x10c ./Drivers/STM32F4xx_HAL_Driver/Src/stm32f4xx_hal_tim.o
                0x0000000008003030                TIM_Base_SetConfig
 .text.TIM_TI1_ConfigInputStage
                0x000000000800313c       0x5e ./Drivers/STM32F4xx_HAL_Driver/Src/stm32f4xx_hal_tim.o
 .text.TIM_TI2_ConfigInputStage
                0x000000000800319a       0x60 ./Drivers/STM32F4xx_HAL_Driver/Src/stm32f4xx_hal_tim.o
 .text.TIM_ITRx_SetConfig
                0x00000000080031fa       0x36 ./Drivers/STM32F4xx_HAL_Driver/Src/stm32f4xx_hal_tim.o
 .text.TIM_ETR_SetConfig
                0x0000000008003230       0x40 ./Drivers/STM32F4xx_HAL_Driver/Src/stm32f4xx_hal_tim.o
                0x0000000008003230                TIM_ETR_SetConfig
 .text.HAL_TIMEx_MasterConfigSynchronization
                0x0000000008003270       0xdc ./Drivers/STM32F4xx_HAL_Driver/Src/stm32f4xx_hal_tim_ex.o
                0x0000000008003270                HAL_TIMEx_MasterConfigSynchronization
 .text.HAL_TIMEx_CommutCallback
                0x000000000800334c       0x14 ./Drivers/STM32F4xx_HAL_Driver/Src/stm32f4xx_hal_tim_ex.o
                0x000000000800334c                HAL_TIMEx_CommutCallback
 .text.HAL_TIMEx_BreakCallback
                0x0000000008003360       0x14 ./Drivers/STM32F4xx_HAL_Driver/Src/stm32f4xx_hal_tim_ex.o
                0x0000000008003360                HAL_TIMEx_BreakCallback
 .text.memset   0x0000000008003374       0x10 C:/ST/STM32CubeIDE_1.14.1/STM32CubeIDE/plugins/com.st.stm32cube.ide.mcu.externaltools.gnu-tools-for-stm32.11.3.rel1.win32_1.1.100.202309141235/tools/bin/../lib/gcc/arm-none-eabi/11.3.1/../../../../arm-none-eabi/lib/thumb/v7e-m+fp/hard\libc_nano.a(libc_a-memset.o)
                0x0000000008003374                memset
 .text.__libc_init_array
                0x0000000008003384       0x48 C:/ST/STM32CubeIDE_1.14.1/STM32CubeIDE/plugins/com.st.stm32cube.ide.mcu.externaltools.gnu-tools-for-stm32.11.3.rel1.win32_1.1.100.202309141235/tools/bin/../lib/gcc/arm-none-eabi/11.3.1/../../../../arm-none-eabi/lib/thumb/v7e-m+fp/hard\libc_nano.a(libc_a-init.o)
                0x0000000008003384                __libc_init_array
 *(.glue_7)
 .glue_7        0x00000000080033cc        0x0 linker stubs
 *(.glue_7t)
 .glue_7t       0x00000000080033cc        0x0 linker stubs
 *(.eh_frame)
 .eh_frame      0x00000000080033cc        0x0 C:/ST/STM32CubeIDE_1.14.1/STM32CubeIDE/plugins/com.st.stm32cube.ide.mcu.externaltools.gnu-tools-for-stm32.11.3.rel1.win32_1.1.100.202309141235/tools/bin/../lib/gcc/arm-none-eabi/11.3.1/thumb/v7e-m+fp/hard/crtbegin.o
 *(.init)
 .init          0x00000000080033cc        0x4 C:/ST/STM32CubeIDE_1.14.1/STM32CubeIDE/plugins/com.st.stm32cube.ide.mcu.externaltools.gnu-tools-for-stm32.11.3.rel1.win32_1.1.100.202309141235/tools/bin/../lib/gcc/arm-none-eabi/11.3.1/thumb/v7e-m+fp/hard/crti.o
                0x00000000080033cc                _init
 .init          0x00000000080033d0        0x8 C:/ST/STM32CubeIDE_1.14.1/STM32CubeIDE/plugins/com.st.stm32cube.ide.mcu.externaltools.gnu-tools-for-stm32.11.3.rel1.win32_1.1.100.202309141235/tools/bin/../lib/gcc/arm-none-eabi/11.3.1/thumb/v7e-m+fp/hard/crtn.o
 *(.fini)
 .fini          0x00000000080033d8        0x4 C:/ST/STM32CubeIDE_1.14.1/STM32CubeIDE/plugins/com.st.stm32cube.ide.mcu.externaltools.gnu-tools-for-stm32.11.3.rel1.win32_1.1.100.202309141235/tools/bin/../lib/gcc/arm-none-eabi/11.3.1/thumb/v7e-m+fp/hard/crti.o
                0x00000000080033d8                _fini
 .fini          0x00000000080033dc        0x8 C:/ST/STM32CubeIDE_1.14.1/STM32CubeIDE/plugins/com.st.stm32cube.ide.mcu.externaltools.gnu-tools-for-stm32.11.3.rel1.win32_1.1.100.202309141235/tools/bin/../lib/gcc/arm-none-eabi/11.3.1/thumb/v7e-m+fp/hard/crtn.o
                0x00000000080033e4                . = ALIGN (0x4)
                0x00000000080033e4                _etext = .

.vfp11_veneer   0x00000000080033e4        0x0
 .vfp11_veneer  0x00000000080033e4        0x0 linker stubs

.v4_bx          0x00000000080033e4        0x0
 .v4_bx         0x00000000080033e4        0x0 linker stubs

.iplt           0x00000000080033e4        0x0
 .iplt          0x00000000080033e4        0x0 C:/ST/STM32CubeIDE_1.14.1/STM32CubeIDE/plugins/com.st.stm32cube.ide.mcu.externaltools.gnu-tools-for-stm32.11.3.rel1.win32_1.1.100.202309141235/tools/bin/../lib/gcc/arm-none-eabi/11.3.1/thumb/v7e-m+fp/hard/crtbegin.o

.rodata         0x00000000080033e4       0x10
                0x00000000080033e4                . = ALIGN (0x4)
 *(.rodata)
 *(.rodata*)
 .rodata.AHBPrescTable
                0x00000000080033e4       0x10 ./Core/Src/system_stm32f4xx.o
                0x00000000080033e4                AHBPrescTable
                0x00000000080033f4                . = ALIGN (0x4)

.ARM.extab      0x00000000080033f4        0x0
                0x00000000080033f4                . = ALIGN (0x4)
 *(.ARM.extab* .gnu.linkonce.armextab.*)
                0x00000000080033f4                . = ALIGN (0x4)

.ARM            0x00000000080033f4        0x8
                0x00000000080033f4                . = ALIGN (0x4)
                0x00000000080033f4                __exidx_start = .
 *(.ARM.exidx*)
 .ARM.exidx     0x00000000080033f4        0x8 C:/ST/STM32CubeIDE_1.14.1/STM32CubeIDE/plugins/com.st.stm32cube.ide.mcu.externaltools.gnu-tools-for-stm32.11.3.rel1.win32_1.1.100.202309141235/tools/bin/../lib/gcc/arm-none-eabi/11.3.1/thumb/v7e-m+fp/hard\libgcc.a(_udivmoddi4.o)
                0x00000000080033fc                __exidx_end = .
                0x00000000080033fc                . = ALIGN (0x4)

.rel.dyn        0x00000000080033fc        0x0
 .rel.iplt      0x00000000080033fc        0x0 C:/ST/STM32CubeIDE_1.14.1/STM32CubeIDE/plugins/com.st.stm32cube.ide.mcu.externaltools.gnu-tools-for-stm32.11.3.rel1.win32_1.1.100.202309141235/tools/bin/../lib/gcc/arm-none-eabi/11.3.1/thumb/v7e-m+fp/hard/crtbegin.o

.preinit_array  0x00000000080033fc        0x0
                0x00000000080033fc                . = ALIGN (0x4)
                0x00000000080033fc                PROVIDE (__preinit_array_start = .)
 *(.preinit_array*)
                0x00000000080033fc                PROVIDE (__preinit_array_end = .)
                0x00000000080033fc                . = ALIGN (0x4)

.init_array     0x00000000080033fc        0x4
                0x00000000080033fc                . = ALIGN (0x4)
                0x00000000080033fc                PROVIDE (__init_array_start = .)
 *(SORT_BY_NAME(.init_array.*))
 *(.init_array*)
 .init_array    0x00000000080033fc        0x4 C:/ST/STM32CubeIDE_1.14.1/STM32CubeIDE/plugins/com.st.stm32cube.ide.mcu.externaltools.gnu-tools-for-stm32.11.3.rel1.win32_1.1.100.202309141235/tools/bin/../lib/gcc/arm-none-eabi/11.3.1/thumb/v7e-m+fp/hard/crtbegin.o
                0x0000000008003400                PROVIDE (__init_array_end = .)
                0x0000000008003400                . = ALIGN (0x4)

.fini_array     0x0000000008003400        0x4
                0x0000000008003400                . = ALIGN (0x4)
                [!provide]                        PROVIDE (__fini_array_start = .)
 *(SORT_BY_NAME(.fini_array.*))
 *(.fini_array*)
 .fini_array    0x0000000008003400        0x4 C:/ST/STM32CubeIDE_1.14.1/STM32CubeIDE/plugins/com.st.stm32cube.ide.mcu.externaltools.gnu-tools-for-stm32.11.3.rel1.win32_1.1.100.202309141235/tools/bin/../lib/gcc/arm-none-eabi/11.3.1/thumb/v7e-m+fp/hard/crtbegin.o
                [!provide]                        PROVIDE (__fini_array_end = .)
                0x0000000008003404                . = ALIGN (0x4)
                0x0000000008003404                _sidata = LOADADDR (.data)

.data           0x0000000020000000        0xc load address 0x0000000008003404
                0x0000000020000000                . = ALIGN (0x4)
                0x0000000020000000                _sdata = .
 *(.data)
 *(.data*)
 .data.SystemCoreClock
                0x0000000020000000        0x4 ./Core/Src/system_stm32f4xx.o
                0x0000000020000000                SystemCoreClock
 .data.uwTickPrio
                0x0000000020000004        0x4 ./Drivers/STM32F4xx_HAL_Driver/Src/stm32f4xx_hal.o
                0x0000000020000004                uwTickPrio
 .data.uwTickFreq
                0x0000000020000008        0x1 ./Drivers/STM32F4xx_HAL_Driver/Src/stm32f4xx_hal.o
                0x0000000020000008                uwTickFreq
 *(.RamFunc)
 *(.RamFunc*)
                0x000000002000000c                . = ALIGN (0x4)
 *fill*         0x0000000020000009        0x3 
                0x000000002000000c                _edata = .

.igot.plt       0x000000002000000c        0x0 load address 0x0000000008003410
 .igot.plt      0x000000002000000c        0x0 C:/ST/STM32CubeIDE_1.14.1/STM32CubeIDE/plugins/com.st.stm32cube.ide.mcu.externaltools.gnu-tools-for-stm32.11.3.rel1.win32_1.1.100.202309141235/tools/bin/../lib/gcc/arm-none-eabi/11.3.1/thumb/v7e-m+fp/hard/crtbegin.o
                0x000000002000000c                . = ALIGN (0x4)

.bss            0x000000002000000c      0x138 load address 0x0000000008003410
                0x000000002000000c                _sbss = .
                0x000000002000000c                __bss_start__ = _sbss
 *(.bss)
 .bss           0x000000002000000c       0x1c C:/ST/STM32CubeIDE_1.14.1/STM32CubeIDE/plugins/com.st.stm32cube.ide.mcu.externaltools.gnu-tools-for-stm32.11.3.rel1.win32_1.1.100.202309141235/tools/bin/../lib/gcc/arm-none-eabi/11.3.1/thumb/v7e-m+fp/hard/crtbegin.o
 *(.bss*)
 .bss.hspi1     0x0000000020000028       0x58 ./Core/Src/main.o
                0x0000000020000028                hspi1
 .bss.hspi2     0x0000000020000080       0x58 ./Core/Src/main.o
                0x0000000020000080                hspi2
 .bss.htim2     0x00000000200000d8       0x48 ./Core/Src/main.o
                0x00000000200000d8                htim2
 .bss.status    0x0000000020000120        0x1 ./Core/Src/main.o
                0x0000000020000120                status
 *fill*         0x0000000020000121        0x3 
 .bss.str       0x0000000020000124       0x10 ./Core/Src/main.o
                0x0000000020000124                str
 .bss.sNum      0x0000000020000134        0x5 ./Core/Src/main.o
                0x0000000020000134                sNum
 .bss.chainless
                0x0000000020000139        0x1 ./Core/Src/main.o
                0x0000000020000139                chainless
 .bss.chained   0x000000002000013a        0x1 ./Core/Src/main.o
                0x000000002000013a                chained
 .bss.trafficState
                0x000000002000013b        0x1 ./Core/Src/main.o
                0x000000002000013b                trafficState
 .bss.trafficTimer
                0x000000002000013c        0x2 ./Core/Src/main.o
                0x000000002000013c                trafficTimer
 *fill*         0x000000002000013e        0x2 
 .bss.uwTick    0x0000000020000140        0x4 ./Drivers/STM32F4xx_HAL_Driver/Src/stm32f4xx_hal.o
                0x0000000020000140                uwTick
 *(COMMON)
                0x0000000020000144                . = ALIGN (0x4)
                0x0000000020000144                _ebss = .
                0x0000000020000144                __bss_end__ = _ebss

._user_heap_stack
                0x0000000020000144      0x604 load address 0x0000000008003410
                0x0000000020000148                . = ALIGN (0x8)
 *fill*         0x0000000020000144        0x4 
                [!provide]                        PROVIDE (end = .)
                0x0000000020000148                PROVIDE (_end = .)
                0x0000000020000348                . = (. + _Min_Heap_Size)
 *fill*         0x0000000020000148      0x200 
                0x0000000020000748                . = (. + _Min_Stack_Size)
 *fill*         0x0000000020000348      0x400 
                0x0000000020000748                . = ALIGN (0x8)

/DISCARD/
 libc.a(*)
 libm.a(*)
 libgcc.a(*)

.ARM.attributes
                0x0000000000000000       0x30
 *(.ARM.attributes)
 .ARM.attributes
                0x0000000000000000       0x1e C:/ST/STM32CubeIDE_1.14.1/STM32CubeIDE/plugins/com.st.stm32cube.ide.mcu.externaltools.gnu-tools-for-stm32.11.3.rel1.win32_1.1.100.202309141235/tools/bin/../lib/gcc/arm-none-eabi/11.3.1/thumb/v7e-m+fp/hard/crti.o
 .ARM.attributes
                0x000000000000001e       0x34 C:/ST/STM32CubeIDE_1.14.1/STM32CubeIDE/plugins/com.st.stm32cube.ide.mcu.externaltools.gnu-tools-for-stm32.11.3.rel1.win32_1.1.100.202309141235/tools/bin/../lib/gcc/arm-none-eabi/11.3.1/thumb/v7e-m+fp/hard/crtbegin.o
 .ARM.attributes
                0x0000000000000052       0x34 ./Core/Src/main.o
 .ARM.attributes
                0x0000000000000086       0x34 ./Core/Src/rc522_1.o
 .ARM.attributes
                0x00000000000000ba       0x34 ./Core/Src/rc522_2.o
 .ARM.attributes
                0x00000000000000ee       0x34 ./Core/Src/stm32f4xx_hal_msp.o
 .ARM.attributes
                0x0000000000000122       0x34 ./Core/Src/stm32f4xx_it.o
 .ARM.attributes
                0x0000000000000156       0x34 ./Core/Src/system_stm32f4xx.o
 .ARM.attributes
                0x000000000000018a       0x21 ./Core/Startup/startup_stm32f401ccux.o
 .ARM.attributes
                0x00000000000001ab       0x34 ./Drivers/STM32F4xx_HAL_Driver/Src/stm32f4xx_hal.o
 .ARM.attributes
                0x00000000000001df       0x34 ./Drivers/STM32F4xx_HAL_Driver/Src/stm32f4xx_hal_cortex.o
 .ARM.attributes
                0x0000000000000213       0x34 ./Drivers/STM32F4xx_HAL_Driver/Src/stm32f4xx_hal_gpio.o
 .ARM.attributes
                0x0000000000000247       0x34 ./Drivers/STM32F4xx_HAL_Driver/Src/stm32f4xx_hal_rcc.o
 .ARM.attributes
                0x000000000000027b       0x34 ./Drivers/STM32F4xx_HAL_Driver/Src/stm32f4xx_hal_spi.o
 .ARM.attributes
                0x00000000000002af       0x34 ./Drivers/STM32F4xx_HAL_Driver/Src/stm32f4xx_hal_tim.o
 .ARM.attributes
                0x00000000000002e3       0x34 ./Drivers/STM32F4xx_HAL_Driver/Src/stm32f4xx_hal_tim_ex.o
 .ARM.attributes
                0x0000000000000317       0x34 C:/ST/STM32CubeIDE_1.14.1/STM32CubeIDE/plugins/com.st.stm32cube.ide.mcu.externaltools.gnu-tools-for-stm32.11.3.rel1.win32_1.1.100.202309141235/tools/bin/../lib/gcc/arm-none-eabi/11.3.1/../../../../arm-none-eabi/lib/thumb/v7e-m+fp/hard\libc_nano.a(libc_a-memset.o)
 .ARM.attributes
                0x000000000000034b       0x34 C:/ST/STM32CubeIDE_1.14.1/STM32CubeIDE/plugins/com.st.stm32cube.ide.mcu.externaltools.gnu-tools-for-stm32.11.3.rel1.win32_1.1.100.202309141235/tools/bin/../lib/gcc/arm-none-eabi/11.3.1/../../../../arm-none-eabi/lib/thumb/v7e-m+fp/hard\libc_nano.a(libc_a-init.o)
 .ARM.attributes
                0x000000000000037f       0x1e C:/ST/STM32CubeIDE_1.14.1/STM32CubeIDE/plugins/com.st.stm32cube.ide.mcu.externaltools.gnu-tools-for-stm32.11.3.rel1.win32_1.1.100.202309141235/tools/bin/../lib/gcc/arm-none-eabi/11.3.1/thumb/v7e-m+fp/hard\libgcc.a(_aeabi_uldivmod.o)
 .ARM.attributes
                0x000000000000039d       0x34 C:/ST/STM32CubeIDE_1.14.1/STM32CubeIDE/plugins/com.st.stm32cube.ide.mcu.externaltools.gnu-tools-for-stm32.11.3.rel1.win32_1.1.100.202309141235/tools/bin/../lib/gcc/arm-none-eabi/11.3.1/thumb/v7e-m+fp/hard\libgcc.a(_udivmoddi4.o)
 .ARM.attributes
                0x00000000000003d1       0x1e C:/ST/STM32CubeIDE_1.14.1/STM32CubeIDE/plugins/com.st.stm32cube.ide.mcu.externaltools.gnu-tools-for-stm32.11.3.rel1.win32_1.1.100.202309141235/tools/bin/../lib/gcc/arm-none-eabi/11.3.1/thumb/v7e-m+fp/hard\libgcc.a(_dvmd_tls.o)
 .ARM.attributes
                0x00000000000003ef       0x1e C:/ST/STM32CubeIDE_1.14.1/STM32CubeIDE/plugins/com.st.stm32cube.ide.mcu.externaltools.gnu-tools-for-stm32.11.3.rel1.win32_1.1.100.202309141235/tools/bin/../lib/gcc/arm-none-eabi/11.3.1/thumb/v7e-m+fp/hard/crtn.o
OUTPUT(MPP_lab.elf elf32-littlearm)
LOAD linker stubs
LOAD C:/ST/STM32CubeIDE_1.14.1/STM32CubeIDE/plugins/com.st.stm32cube.ide.mcu.externaltools.gnu-tools-for-stm32.11.3.rel1.win32_1.1.100.202309141235/tools/bin/../lib/gcc/arm-none-eabi/11.3.1/../../../../arm-none-eabi/lib/thumb/v7e-m+fp/hard\libc.a
LOAD C:/ST/STM32CubeIDE_1.14.1/STM32CubeIDE/plugins/com.st.stm32cube.ide.mcu.externaltools.gnu-tools-for-stm32.11.3.rel1.win32_1.1.100.202309141235/tools/bin/../lib/gcc/arm-none-eabi/11.3.1/../../../../arm-none-eabi/lib/thumb/v7e-m+fp/hard\libm.a
LOAD C:/ST/STM32CubeIDE_1.14.1/STM32CubeIDE/plugins/com.st.stm32cube.ide.mcu.externaltools.gnu-tools-for-stm32.11.3.rel1.win32_1.1.100.202309141235/tools/bin/../lib/gcc/arm-none-eabi/11.3.1/thumb/v7e-m+fp/hard\libgcc.a

.comment        0x0000000000000000       0x43
 .comment       0x0000000000000000       0x43 C:/ST/STM32CubeIDE_1.14.1/STM32CubeIDE/plugins/com.st.stm32cube.ide.mcu.externaltools.gnu-tools-for-stm32.11.3.rel1.win32_1.1.100.202309141235/tools/bin/../lib/gcc/arm-none-eabi/11.3.1/thumb/v7e-m+fp/hard/crtbegin.o
                                         0x44 (size before relaxing)
 .comment       0x0000000000000043       0x44 ./Core/Src/main.o
 .comment       0x0000000000000043       0x44 ./Core/Src/rc522_1.o
 .comment       0x0000000000000043       0x44 ./Core/Src/rc522_2.o
 .comment       0x0000000000000043       0x44 ./Core/Src/stm32f4xx_hal_msp.o
 .comment       0x0000000000000043       0x44 ./Core/Src/stm32f4xx_it.o
 .comment       0x0000000000000043       0x44 ./Core/Src/system_stm32f4xx.o
 .comment       0x0000000000000043       0x44 ./Drivers/STM32F4xx_HAL_Driver/Src/stm32f4xx_hal.o
 .comment       0x0000000000000043       0x44 ./Drivers/STM32F4xx_HAL_Driver/Src/stm32f4xx_hal_cortex.o
 .comment       0x0000000000000043       0x44 ./Drivers/STM32F4xx_HAL_Driver/Src/stm32f4xx_hal_gpio.o
 .comment       0x0000000000000043       0x44 ./Drivers/STM32F4xx_HAL_Driver/Src/stm32f4xx_hal_rcc.o
 .comment       0x0000000000000043       0x44 ./Drivers/STM32F4xx_HAL_Driver/Src/stm32f4xx_hal_spi.o
 .comment       0x0000000000000043       0x44 ./Drivers/STM32F4xx_HAL_Driver/Src/stm32f4xx_hal_tim.o
 .comment       0x0000000000000043       0x44 ./Drivers/STM32F4xx_HAL_Driver/Src/stm32f4xx_hal_tim_ex.o

.debug_info     0x0000000000000000     0xbfff
 .debug_info    0x0000000000000000     0x12c0 ./Core/Src/main.o
 .debug_info    0x00000000000012c0      0xc3e ./Core/Src/rc522_1.o
 .debug_info    0x0000000000001efe      0xc51 ./Core/Src/rc522_2.o
 .debug_info    0x0000000000002b4f      0xf2c ./Core/Src/stm32f4xx_hal_msp.o
 .debug_info    0x0000000000003a7b      0x6da ./Core/Src/stm32f4xx_it.o
 .debug_info    0x0000000000004155      0x53e ./Core/Src/system_stm32f4xx.o
 .debug_info    0x0000000000004693       0x23 ./Core/Startup/startup_stm32f401ccux.o
 .debug_info    0x00000000000046b6      0x8bb ./Drivers/STM32F4xx_HAL_Driver/Src/stm32f4xx_hal.o
 .debug_info    0x0000000000004f71      0xcf6 ./Drivers/STM32F4xx_HAL_Driver/Src/stm32f4xx_hal_cortex.o
 .debug_info    0x0000000000005c67      0x6f9 ./Drivers/STM32F4xx_HAL_Driver/Src/stm32f4xx_hal_gpio.o
 .debug_info    0x0000000000006360      0x905 ./Drivers/STM32F4xx_HAL_Driver/Src/stm32f4xx_hal_rcc.o
 .debug_info    0x0000000000006c65     0x1530 ./Drivers/STM32F4xx_HAL_Driver/Src/stm32f4xx_hal_spi.o
 .debug_info    0x0000000000008195     0x2996 ./Drivers/STM32F4xx_HAL_Driver/Src/stm32f4xx_hal_tim.o
 .debug_info    0x000000000000ab2b     0x14d4 ./Drivers/STM32F4xx_HAL_Driver/Src/stm32f4xx_hal_tim_ex.o

.debug_abbrev   0x0000000000000000     0x1eab
 .debug_abbrev  0x0000000000000000      0x340 ./Core/Src/main.o
 .debug_abbrev  0x0000000000000340      0x291 ./Core/Src/rc522_1.o
 .debug_abbrev  0x00000000000005d1      0x2a3 ./Core/Src/rc522_2.o
 .debug_abbrev  0x0000000000000874      0x1de ./Core/Src/stm32f4xx_hal_msp.o
 .debug_abbrev  0x0000000000000a52      0x1a5 ./Core/Src/stm32f4xx_it.o
 .debug_abbrev  0x0000000000000bf7      0x11a ./Core/Src/system_stm32f4xx.o
 .debug_abbrev  0x0000000000000d11       0x12 ./Core/Startup/startup_stm32f401ccux.o
 .debug_abbrev  0x0000000000000d23      0x24b ./Drivers/STM32F4xx_HAL_Driver/Src/stm32f4xx_hal.o
 .debug_abbrev  0x0000000000000f6e      0x31d ./Drivers/STM32F4xx_HAL_Driver/Src/stm32f4xx_hal_cortex.o
 .debug_abbrev  0x000000000000128b      0x1d3 ./Drivers/STM32F4xx_HAL_Driver/Src/stm32f4xx_hal_gpio.o
 .debug_abbrev  0x000000000000145e      0x2b6 ./Drivers/STM32F4xx_HAL_Driver/Src/stm32f4xx_hal_rcc.o
 .debug_abbrev  0x0000000000001714      0x276 ./Drivers/STM32F4xx_HAL_Driver/Src/stm32f4xx_hal_spi.o
 .debug_abbrev  0x000000000000198a      0x28b ./Drivers/STM32F4xx_HAL_Driver/Src/stm32f4xx_hal_tim.o
 .debug_abbrev  0x0000000000001c15      0x296 ./Drivers/STM32F4xx_HAL_Driver/Src/stm32f4xx_hal_tim_ex.o

.debug_aranges  0x0000000000000000      0xcc0
 .debug_aranges
                0x0000000000000000       0x70 ./Core/Src/main.o
 .debug_aranges
                0x0000000000000070       0xa8 ./Core/Src/rc522_1.o
 .debug_aranges
                0x0000000000000118       0xa8 ./Core/Src/rc522_2.o
 .debug_aranges
                0x00000000000001c0       0x40 ./Core/Src/stm32f4xx_hal_msp.o
 .debug_aranges
                0x0000000000000200       0x68 ./Core/Src/stm32f4xx_it.o
 .debug_aranges
                0x0000000000000268       0x28 ./Core/Src/system_stm32f4xx.o
 .debug_aranges
                0x0000000000000290       0x28 ./Core/Startup/startup_stm32f401ccux.o
 .debug_aranges
                0x00000000000002b8       0xf0 ./Drivers/STM32F4xx_HAL_Driver/Src/stm32f4xx_hal.o
 .debug_aranges
                0x00000000000003a8      0x130 ./Drivers/STM32F4xx_HAL_Driver/Src/stm32f4xx_hal_cortex.o
 .debug_aranges
                0x00000000000004d8       0x58 ./Drivers/STM32F4xx_HAL_Driver/Src/stm32f4xx_hal_gpio.o
 .debug_aranges
                0x0000000000000530       0x88 ./Drivers/STM32F4xx_HAL_Driver/Src/stm32f4xx_hal_rcc.o
 .debug_aranges
                0x00000000000005b8      0x1d0 ./Drivers/STM32F4xx_HAL_Driver/Src/stm32f4xx_hal_spi.o
 .debug_aranges
                0x0000000000000788      0x3d0 ./Drivers/STM32F4xx_HAL_Driver/Src/stm32f4xx_hal_tim.o
 .debug_aranges
                0x0000000000000b58      0x168 ./Drivers/STM32F4xx_HAL_Driver/Src/stm32f4xx_hal_tim_ex.o

.debug_rnglists
                0x0000000000000000      0x9db
 .debug_rnglists
                0x0000000000000000       0x55 ./Core/Src/main.o
 .debug_rnglists
                0x0000000000000055       0x7e ./Core/Src/rc522_1.o
 .debug_rnglists
                0x00000000000000d3       0x7e ./Core/Src/rc522_2.o
 .debug_rnglists
                0x0000000000000151       0x2c ./Core/Src/stm32f4xx_hal_msp.o
 .debug_rnglists
                0x000000000000017d       0x49 ./Core/Src/stm32f4xx_it.o
 .debug_rnglists
                0x00000000000001c6       0x1a ./Core/Src/system_stm32f4xx.o
 .debug_rnglists
                0x00000000000001e0       0x19 ./Core/Startup/startup_stm32f401ccux.o
 .debug_rnglists
                0x00000000000001f9       0xaf ./Drivers/STM32F4xx_HAL_Driver/Src/stm32f4xx_hal.o
 .debug_rnglists
                0x00000000000002a8       0xe0 ./Drivers/STM32F4xx_HAL_Driver/Src/stm32f4xx_hal_cortex.o
 .debug_rnglists
                0x0000000000000388       0x3f ./Drivers/STM32F4xx_HAL_Driver/Src/stm32f4xx_hal_gpio.o
 .debug_rnglists
                0x00000000000003c7       0x66 ./Drivers/STM32F4xx_HAL_Driver/Src/stm32f4xx_hal_rcc.o
 .debug_rnglists
                0x000000000000042d      0x16f ./Drivers/STM32F4xx_HAL_Driver/Src/stm32f4xx_hal_spi.o
 .debug_rnglists
                0x000000000000059c      0x31a ./Drivers/STM32F4xx_HAL_Driver/Src/stm32f4xx_hal_tim.o
 .debug_rnglists
                0x00000000000008b6      0x125 ./Drivers/STM32F4xx_HAL_Driver/Src/stm32f4xx_hal_tim_ex.o

.debug_macro    0x0000000000000000    0x1654a
 .debug_macro   0x0000000000000000      0x2fc ./Core/Src/main.o
 .debug_macro   0x00000000000002fc      0xaa8 ./Core/Src/main.o
 .debug_macro   0x0000000000000da4      0x29b ./Core/Src/main.o
 .debug_macro   0x000000000000103f       0x2e ./Core/Src/main.o
 .debug_macro   0x000000000000106d       0x28 ./Core/Src/main.o
 .debug_macro   0x0000000000001095       0x22 ./Core/Src/main.o
 .debug_macro   0x00000000000010b7       0x8e ./Core/Src/main.o
 .debug_macro   0x0000000000001145       0x51 ./Core/Src/main.o
 .debug_macro   0x0000000000001196      0x103 ./Core/Src/main.o
 .debug_macro   0x0000000000001299       0x6a ./Core/Src/main.o
 .debug_macro   0x0000000000001303      0x1df ./Core/Src/main.o
 .debug_macro   0x00000000000014e2       0x1c ./Core/Src/main.o
 .debug_macro   0x00000000000014fe       0x22 ./Core/Src/main.o
 .debug_macro   0x0000000000001520       0xfb ./Core/Src/main.o
 .debug_macro   0x000000000000161b     0x1011 ./Core/Src/main.o
 .debug_macro   0x000000000000262c      0x11f ./Core/Src/main.o
 .debug_macro   0x000000000000274b     0xb881 ./Core/Src/main.o
 .debug_macro   0x000000000000dfcc       0x6d ./Core/Src/main.o
 .debug_macro   0x000000000000e039     0x3693 ./Core/Src/main.o
 .debug_macro   0x00000000000116cc      0x174 ./Core/Src/main.o
 .debug_macro   0x0000000000011840       0x5c ./Core/Src/main.o
 .debug_macro   0x000000000001189c      0x416 ./Core/Src/main.o
 .debug_macro   0x0000000000011cb2      0x9e9 ./Core/Src/main.o
 .debug_macro   0x000000000001269b      0x115 ./Core/Src/main.o
 .debug_macro   0x00000000000127b0       0xf8 ./Core/Src/main.o
 .debug_macro   0x00000000000128a8       0xa5 ./Core/Src/main.o
 .debug_macro   0x000000000001294d      0x15f ./Core/Src/main.o
 .debug_macro   0x0000000000012aac      0x287 ./Core/Src/main.o
 .debug_macro   0x0000000000012d33       0x5f ./Core/Src/main.o
 .debug_macro   0x0000000000012d92      0x236 ./Core/Src/main.o
 .debug_macro   0x0000000000012fc8      0x132 ./Core/Src/main.o
 .debug_macro   0x00000000000130fa      0x23a ./Core/Src/main.o
 .debug_macro   0x0000000000013334       0x2e ./Core/Src/main.o
 .debug_macro   0x0000000000013362      0x127 ./Core/Src/main.o
 .debug_macro   0x0000000000013489       0x85 ./Core/Src/main.o
 .debug_macro   0x000000000001350e       0x89 ./Core/Src/main.o
 .debug_macro   0x0000000000013597      0x225 ./Core/Src/main.o
 .debug_macro   0x00000000000137bc      0x8ed ./Core/Src/main.o
 .debug_macro   0x00000000000140a9       0x47 ./Core/Src/main.o
 .debug_macro   0x00000000000140f0      0x126 ./Core/Src/main.o
 .debug_macro   0x0000000000014216       0x34 ./Core/Src/main.o
 .debug_macro   0x000000000001424a       0x61 ./Core/Src/main.o
 .debug_macro   0x00000000000142ab       0x2a ./Core/Src/main.o
 .debug_macro   0x00000000000142d5       0x43 ./Core/Src/main.o
 .debug_macro   0x0000000000014318       0x34 ./Core/Src/main.o
 .debug_macro   0x000000000001434c       0x16 ./Core/Src/main.o
 .debug_macro   0x0000000000014362       0x43 ./Core/Src/main.o
 .debug_macro   0x00000000000143a5       0x34 ./Core/Src/main.o
 .debug_macro   0x00000000000143d9       0x10 ./Core/Src/main.o
 .debug_macro   0x00000000000143e9       0x58 ./Core/Src/main.o
 .debug_macro   0x0000000000014441       0x8e ./Core/Src/main.o
 .debug_macro   0x00000000000144cf       0x1c ./Core/Src/main.o
 .debug_macro   0x00000000000144eb      0x177 ./Core/Src/main.o
 .debug_macro   0x0000000000014662      0x369 ./Core/Src/main.o
 .debug_macro   0x00000000000149cb       0x10 ./Core/Src/main.o
 .debug_macro   0x00000000000149db       0x35 ./Core/Src/main.o
 .debug_macro   0x0000000000014a10       0x20 ./Core/Src/main.o
 .debug_macro   0x0000000000014a30      0x23e ./Core/Src/main.o
 .debug_macro   0x0000000000014c6e      0x23e ./Core/Src/main.o
 .debug_macro   0x0000000000014eac       0x22 ./Core/Src/main.o
 .debug_macro   0x0000000000014ece      0x1d7 ./Core/Src/rc522_1.o
 .debug_macro   0x00000000000150a5      0x1d7 ./Core/Src/rc522_2.o
 .debug_macro   0x000000000001527c      0x1dd ./Core/Src/stm32f4xx_hal_msp.o
 .debug_macro   0x0000000000015459      0x1e7 ./Core/Src/stm32f4xx_it.o
 .debug_macro   0x0000000000015640      0x1ce ./Core/Src/system_stm32f4xx.o
 .debug_macro   0x000000000001580e      0x22e ./Drivers/STM32F4xx_HAL_Driver/Src/stm32f4xx_hal.o
 .debug_macro   0x0000000000015a3c      0x1ce ./Drivers/STM32F4xx_HAL_Driver/Src/stm32f4xx_hal_cortex.o
 .debug_macro   0x0000000000015c0a      0x1d4 ./Drivers/STM32F4xx_HAL_Driver/Src/stm32f4xx_hal_gpio.o
 .debug_macro   0x0000000000015dde      0x1f2 ./Drivers/STM32F4xx_HAL_Driver/Src/stm32f4xx_hal_rcc.o
 .debug_macro   0x0000000000015fd0      0x1dd ./Drivers/STM32F4xx_HAL_Driver/Src/stm32f4xx_hal_spi.o
 .debug_macro   0x00000000000161ad      0x1cf ./Drivers/STM32F4xx_HAL_Driver/Src/stm32f4xx_hal_tim.o
 .debug_macro   0x000000000001637c      0x1ce ./Drivers/STM32F4xx_HAL_Driver/Src/stm32f4xx_hal_tim_ex.o

.debug_line     0x0000000000000000     0xd9fd
 .debug_line    0x0000000000000000      0xbcc ./Core/Src/main.o
 .debug_line    0x0000000000000bcc      0xc42 ./Core/Src/rc522_1.o
 .debug_line    0x000000000000180e      0xc4d ./Core/Src/rc522_2.o
 .debug_line    0x000000000000245b      0x808 ./Core/Src/stm32f4xx_hal_msp.o
 .debug_line    0x0000000000002c63      0x828 ./Core/Src/stm32f4xx_it.o
 .debug_line    0x000000000000348b      0x7cf ./Core/Src/system_stm32f4xx.o
 .debug_line    0x0000000000003c5a       0x7a ./Core/Startup/startup_stm32f401ccux.o
 .debug_line    0x0000000000003cd4      0xa35 ./Drivers/STM32F4xx_HAL_Driver/Src/stm32f4xx_hal.o
 .debug_line    0x0000000000004709      0xd2f ./Drivers/STM32F4xx_HAL_Driver/Src/stm32f4xx_hal_cortex.o
 .debug_line    0x0000000000005438      0xb6d ./Drivers/STM32F4xx_HAL_Driver/Src/stm32f4xx_hal_gpio.o
 .debug_line    0x0000000000005fa5      0xdc4 ./Drivers/STM32F4xx_HAL_Driver/Src/stm32f4xx_hal_rcc.o
 .debug_line    0x0000000000006d69     0x1d35 ./Drivers/STM32F4xx_HAL_Driver/Src/stm32f4xx_hal_spi.o
 .debug_line    0x0000000000008a9e     0x3593 ./Drivers/STM32F4xx_HAL_Driver/Src/stm32f4xx_hal_tim.o
 .debug_line    0x000000000000c031     0x19cc ./Drivers/STM32F4xx_HAL_Driver/Src/stm32f4xx_hal_tim_ex.o

.debug_str      0x0000000000000000    0x8d1b4
 .debug_str     0x0000000000000000    0x8a3fa ./Core/Src/main.o
                                      0x8a78f (size before relaxing)
 .debug_str     0x000000000008a3fa      0x201 ./Core/Src/rc522_1.o
                                      0x867f7 (size before relaxing)
 .debug_str     0x000000000008a5fb       0xe1 ./Core/Src/rc522_2.o
                                      0x8671b (size before relaxing)
 .debug_str     0x000000000008a6dc      0x461 ./Core/Src/stm32f4xx_hal_msp.o
                                      0x867ae (size before relaxing)
 .debug_str     0x000000000008ab3d       0xec ./Core/Src/stm32f4xx_it.o
                                      0x860a8 (size before relaxing)
 .debug_str     0x000000000008ac29       0xdb ./Core/Src/system_stm32f4xx.o
                                      0x85bb4 (size before relaxing)
 .debug_str     0x000000000008ad04       0x34 ./Core/Startup/startup_stm32f401ccux.o
                                         0x6e (size before relaxing)
 .debug_str     0x000000000008ad38      0x603 ./Drivers/STM32F4xx_HAL_Driver/Src/stm32f4xx_hal.o
                                      0x865d6 (size before relaxing)
 .debug_str     0x000000000008b33b      0x36b ./Drivers/STM32F4xx_HAL_Driver/Src/stm32f4xx_hal_cortex.o
                                      0x86340 (size before relaxing)
 .debug_str     0x000000000008b6a6      0x121 ./Drivers/STM32F4xx_HAL_Driver/Src/stm32f4xx_hal_gpio.o
                                      0x85d2f (size before relaxing)
 .debug_str     0x000000000008b7c7      0x233 ./Drivers/STM32F4xx_HAL_Driver/Src/stm32f4xx_hal_rcc.o
                                      0x85fe8 (size before relaxing)
 .debug_str     0x000000000008b9fa      0x57f ./Drivers/STM32F4xx_HAL_Driver/Src/stm32f4xx_hal_spi.o
                                      0x86460 (size before relaxing)
 .debug_str     0x000000000008bf79      0xda8 ./Drivers/STM32F4xx_HAL_Driver/Src/stm32f4xx_hal_tim.o
                                      0x86f2c (size before relaxing)
 .debug_str     0x000000000008cd21      0x493 ./Drivers/STM32F4xx_HAL_Driver/Src/stm32f4xx_hal_tim_ex.o
                                      0x86738 (size before relaxing)

.debug_frame    0x0000000000000000     0x353c
 .debug_frame   0x0000000000000000      0x16c ./Core/Src/main.o
 .debug_frame   0x000000000000016c      0x288 ./Core/Src/rc522_1.o
 .debug_frame   0x00000000000003f4      0x288 ./Core/Src/rc522_2.o
 .debug_frame   0x000000000000067c       0xc8 ./Core/Src/stm32f4xx_hal_msp.o
 .debug_frame   0x0000000000000744      0x120 ./Core/Src/stm32f4xx_it.o
 .debug_frame   0x0000000000000864       0x58 ./Core/Src/system_stm32f4xx.o
 .debug_frame   0x00000000000008bc      0x374 ./Drivers/STM32F4xx_HAL_Driver/Src/stm32f4xx_hal.o
 .debug_frame   0x0000000000000c30      0x508 ./Drivers/STM32F4xx_HAL_Driver/Src/stm32f4xx_hal_cortex.o
 .debug_frame   0x0000000000001138      0x14c ./Drivers/STM32F4xx_HAL_Driver/Src/stm32f4xx_hal_gpio.o
 .debug_frame   0x0000000000001284      0x1f4 ./Drivers/STM32F4xx_HAL_Driver/Src/stm32f4xx_hal_rcc.o
 .debug_frame   0x0000000000001478      0x828 ./Drivers/STM32F4xx_HAL_Driver/Src/stm32f4xx_hal_spi.o
 .debug_frame   0x0000000000001ca0     0x11b8 ./Drivers/STM32F4xx_HAL_Driver/Src/stm32f4xx_hal_tim.o
 .debug_frame   0x0000000000002e58      0x638 ./Drivers/STM32F4xx_HAL_Driver/Src/stm32f4xx_hal_tim_ex.o
 .debug_frame   0x0000000000003490       0x20 C:/ST/STM32CubeIDE_1.14.1/STM32CubeIDE/plugins/com.st.stm32cube.ide.mcu.externaltools.gnu-tools-for-stm32.11.3.rel1.win32_1.1.100.202309141235/tools/bin/../lib/gcc/arm-none-eabi/11.3.1/../../../../arm-none-eabi/lib/thumb/v7e-m+fp/hard\libc_nano.a(libc_a-memset.o)
 .debug_frame   0x00000000000034b0       0x2c C:/ST/STM32CubeIDE_1.14.1/STM32CubeIDE/plugins/com.st.stm32cube.ide.mcu.externaltools.gnu-tools-for-stm32.11.3.rel1.win32_1.1.100.202309141235/tools/bin/../lib/gcc/arm-none-eabi/11.3.1/../../../../arm-none-eabi/lib/thumb/v7e-m+fp/hard\libc_nano.a(libc_a-init.o)
 .debug_frame   0x00000000000034dc       0x2c C:/ST/STM32CubeIDE_1.14.1/STM32CubeIDE/plugins/com.st.stm32cube.ide.mcu.externaltools.gnu-tools-for-stm32.11.3.rel1.win32_1.1.100.202309141235/tools/bin/../lib/gcc/arm-none-eabi/11.3.1/thumb/v7e-m+fp/hard\libgcc.a(_aeabi_uldivmod.o)
 .debug_frame   0x0000000000003508       0x34 C:/ST/STM32CubeIDE_1.14.1/STM32CubeIDE/plugins/com.st.stm32cube.ide.mcu.externaltools.gnu-tools-for-stm32.11.3.rel1.win32_1.1.100.202309141235/tools/bin/../lib/gcc/arm-none-eabi/11.3.1/thumb/v7e-m+fp/hard\libgcc.a(_udivmoddi4.o)

.debug_line_str
                0x0000000000000000       0x62
 .debug_line_str
                0x0000000000000000       0x62 ./Core/Startup/startup_stm32f401ccux.o
                                         0x7a (size before relaxing)
