../Core/Src/main.c:95:6:SetAllRed	8	static
../Core/Src/main.c:107:6:SetTrafficState	16	static
../Core/Src/main.c:131:6:set_status	4	static
../Core/Src/main.c:152:5:main	8	static
../Core/Src/main.c:228:6:SystemClock_Config	88	static
../Core/Src/main.c:274:13:MX_SPI1_Init	8	static
../Core/Src/main.c:312:13:MX_SPI2_Init	8	static
../Core/Src/main.c:350:13:MX_TIM2_Init	32	static
../Core/Src/main.c:395:13:MX_GPIO_Init	48	static
../Core/Src/main.c:454:6:HAL_TIM_PeriodElapsedCallback	16	static
../Core/Src/main.c:503:6:Error_Handler	4	static,ignoring_inline_asm
