../Core/Src/main.c:109:6:SetAllRed	8	static
../Core/Src/main.c:121:6:SetTrafficState	16	static
../Core/Src/main.c:145:6:set_status	16	static
../Core/Src/main.c:165:5:main	8	static
../Core/Src/main.c:243:6:SystemClock_Config	88	static
../Core/Src/main.c:289:13:MX_SPI1_Init	8	static
../Core/Src/main.c:327:13:MX_SPI2_Init	8	static
../Core/Src/main.c:365:13:MX_TIM2_Init	32	static
../Core/Src/main.c:410:13:MX_GPIO_Init	48	static
../Core/Src/main.c:469:6:HAL_TIM_PeriodElapsedCallback	16	static
../Core/Src/main.c:564:6:Error_Handler	4	static,ignoring_inline_asm
