11:19:43 **** Incremental Build of configuration Debug for project Traffic_light_sim ****
make -j16 all 
arm-none-eabi-gcc "../Core/Src/main.c" -mcpu=cortex-m4 -std=gnu11 -g3 -DDEBUG -DUSE_HAL_DRIVER -DSTM32F401xC -c -I../Core/Inc -I../Drivers/STM32F4xx_HAL_Driver/Inc -I../Drivers/STM32F4xx_HAL_Driver/Inc/Legacy -I../Drivers/CMSIS/Device/ST/STM32F4xx/Include -I../Drivers/CMSIS/Include -O0 -ffunction-sections -fdata-sections -Wall -fstack-usage -fcyclomatic-complexity -MMD -MP -MF"Core/Src/main.d" -MT"Core/Src/main.o" --specs=nano.specs -mfpu=fpv4-sp-d16 -mfloat-abi=hard -mthumb -o "Core/Src/main.o"
arm-none-eabi-gcc -o "Traffic_light_sim.elf" @"objects.list"   -mcpu=cortex-m4 -T"C:\Users\sudee\OneDrive\Desktop\MPP project\Traffic_light_sim\STM32F401CCUX_FLASH.ld" --specs=nosys.specs -Wl,-Map="Traffic_light_sim.map" -Wl,--gc-sections -static --specs=nano.specs -mfpu=fpv4-sp-d16 -mfloat-abi=hard -mthumb -Wl,--start-group -lc -lm -Wl,--end-group
Finished building target: Traffic_light_sim.elf
 
arm-none-eabi-size  Traffic_light_sim.elf 
arm-none-eabi-objdump -h -S Traffic_light_sim.elf  > "Traffic_light_sim.list"
   text	   data	    bss	    dec	    hex	filename
  19300	    100	   2252	  21652	   5494	Traffic_light_sim.elf
Finished building: default.size.stdout
 
Finished building: Traffic_light_sim.list
 

11:19:46 Build Finished. 0 errors, 0 warnings. (took 2s.381ms)

